min_err=0.00073 max_err=69.6 mean_squared=59.701332
