data/sample.nab (  642338 records): standard=94.838% declines= 3.592% std_declines= 3.363% nonstd_declines= 0.229%
