Field: POS_PIN_Entry_Cpbty_Not_Found
	(100.00000%) 0
Field: POS_Terml_Typ_Not_Found
	(100.00000%) 0
Field: Card_Acptr_City
	(11.23770%) 'DUBAI'
	( 9.92826%) 'MOSCOW'
	( 4.85243%) ' '
	( 1.75686%) 'ABU DHABI'
	( 1.62578%) 'BUCURESTI'
	( 1.32640%) 'ST.PETERSBURG'
	( 1.22241%) 'MANAMA'
	( 1.18178%) 'SHARJAH'
	( 1.12978%) 'CAIRO'
	( 0.95931%) 'KYIV'
Field: Card_Acptr_Ctry_Not_Found
	(97.20972%) 0
	( 2.79028%) 1
Field: POS_Cond_Cd_Missing
	(99.98116%) 0
	( 0.01884%) 1
Field: Card_Acptr_ID_Padded
	(99.54666%) 0
	( 0.45334%) 1
Field: Card_Acptr_Nm_Missing
	(95.85032%) 0
	( 4.14968%) 1
Field: MOTO_ECI_Not_found
	(100.00000%) 0
Field: Card_Acptr_City_Missing
	(95.15613%) 0
	( 4.84387%) 1
Field: POS_Terml_Entry_Cpbty
	(66.76080%) '2'
	(17.38866%) '0'
	(10.77252%) '5'
	( 4.43894%) '9'
	( 0.39154%) '1'
	( 0.24753%) ' '
Field: Card_Acptr_Ctry
	(26.20474%) 'RU'
	(16.50128%) 'AE'
	(10.07694%) 'ZA'
	( 5.63878%) 'RO'
	( 5.57977%) 'UA'
	( 4.84184%) 'HR'
	( 4.22970%) 'SA'
	( 4.06920%) 'EG'
	( 2.64861%) 'CS'
	( 1.89620%) 'MA'
Field: POS_Terml_Typ
	(47.36400%) '0'
	(41.87468%) '2'
	( 5.29285%) '4'
	( 2.78965%) '7'
	( 1.56102%) '5'
	( 0.87026%) '3'
	( 0.24753%) ' '
Field: Card_Acptr_Ctry_Missing
	(99.83653%) 0
	( 0.16347%) 1
Field: Card_Acptr_ID
	( 1.35396%) 'AVTOBANK'
	( 1.26569%) 'AL RAJHI BANKIN'
	( 1.08650%) '999999999250404'
	( 1.07202%) 'BANK OF MOSCOW'
	( 0.96600%) '999999999250405'
	( 0.96382%) 'NEDBANK'
	( 0.90762%) '421144'
	( 0.88785%) 'BANK VOZROZHDEN'
	( 0.75132%) 'PROMINVESTBANK'
	( 0.73513%) 'BRD'
Field: POS_PIN_Entry_Cpbty
	(67.04523%) '1'
	(22.80419%) '2'
	( 9.21088%) '0'
	( 0.93969%) ' '
Field: Card_Acptr_Nm_Padded
	(99.99549%) 0
	( 0.00451%) 1
Field: Card_Acptr_City_Padded
	(99.77099%) 0
	( 0.22901%) 1
Field: MOTO_ECI
	(97.30562%) ' '
	( 1.27456%) '07'
	( 0.94234%) '06'
	( 0.33191%) '08'
	( 0.06834%) '05'
	( 0.06352%) '01'
	( 0.01354%) '04'
	( 0.00016%) '02'
Field: ISO_Resp_Cd
	(77.67453%) '00'
	(12.18081%) '51'
	( 3.59203%) '05'
	( 2.11275%) '57'
	( 1.44145%) '55'
	( 0.52216%) '91'
	( 0.31899%) '96'
	( 0.29642%) '14'
	( 0.27618%) '04'
	( 0.22200%) '01'
Field: POS_Terml_Entry_Cpbty_Not_Found
	(100.00000%) 0
Field: Card_Acptr_ID_Missing
	(99.99984%) 0
	( 0.00016%) 4814
Field: POS_Cond_Cd
	(86.63679%) '00'
	( 7.85848%) '02'
	( 2.63195%) '59'
	( 2.59816%) '08'
	( 0.19647%) '01'
	( 0.02865%) '71'
	( 0.02693%) '10'
	( 0.01884%) ' '
	( 0.00249%) '51'
	( 0.00109%) '06'
Field: Card_Acptr_Nm
	( 4.14953%) ' '
	( 1.08354%) 'GULF D T H  SHOW TIME'
	( 0.96600%) 'GULF DTH SHOW TIME'
	( 0.58879%) 'PBZTINA'
	( 0.41442%) 'WOOLWORTHS'
	( 0.32895%) 'PBZTKONZUM'
	( 0.28785%) 'THE SEVENTH CONT.  SU'
	( 0.23321%) 'SC Starcredits.com'
	( 0.23321%) 'NBK KNET'
	( 0.22589%) 'CARREFOUR'
Field: POS_Cond_Cd_Not_Found
	(100.00000%) 0
Field: En_Mrch_Typ
	(44.20399%) '6011'
	(12.11496%) '5411'
	( 3.99603%) '5541'
	( 3.38062%) '5812'
	( 2.61295%) '5311'
	( 2.49993%) '5968'
	( 2.27310%) '7011'
	( 2.02962%) '4814'
	( 1.68463%) '5651'
	( 1.67622%) '5499'
Field: POS_Env_Cd_Not_Found
	(100.00000%) 0
Field: POS_Env_Cd
	(99.99844%) ' '
	( 0.00156%) 'R'
Field: POS_Entry_Mode_Not_Found
	(100.00000%) 0
Field: POS_Entry_Mode
	(90.76748%) '90'
	( 7.14390%) '01'
	( 0.93969%) ' '
	( 0.61852%) '05'
	( 0.40244%) '02'
	( 0.12797%) '00'
